TAP version 13
# Subtest: initial state maps the scene, restores a bounded position, and never restores autoplay
ok 1 - initial state maps the scene, restores a bounded position, and never restores autoplay
  ---
  duration_ms: 1.503
  type: 'test'
  ...
# Subtest: unknown scene and malformed saved values normalize to the safe paused poster
ok 2 - unknown scene and malformed saved values normalize to the safe paused poster
  ---
  duration_ms: 0.217125
  type: 'test'
  ...
# Subtest: unknown or malformed intents cannot alter or extend sanitized state
ok 3 - unknown or malformed intents cannot alter or extend sanitized state
  ---
  duration_ms: 0.392709
  type: 'test'
  ...
# Subtest: seek and tick clamp to scene boundaries, stop at the end, and do not mutate input
ok 4 - seek and tick clamp to scene boundaries, stop at the end, and do not mutate input
  ---
  duration_ms: 0.110541
  type: 'test'
  ...
# Subtest: DMO-A02 play and seek cannot bypass the evidence hold; Next unlocks at 13 seconds
ok 5 - DMO-A02 play and seek cannot bypass the evidence hold; Next unlocks at 13 seconds
  ---
  duration_ms: 0.18575
  type: 'test'
  ...
# Subtest: Previous is bounded and Replay resets the story paused with the hold locked again
ok 6 - Previous is bounded and Replay resets the story paused with the hold locked again
  ---
  duration_ms: 0.053042
  type: 'test'
  ...
# Subtest: Play or Next at the ending stays stopped at the ending and never loops or rewinds
ok 7 - Play or Next at the ending stays stopped at the ending and never loops or rewinds
  ---
  duration_ms: 0.046125
  type: 'test'
  ...
# Subtest: SNAP-A0 conforms to additive prototype schema
ok 8 - SNAP-A0 conforms to additive prototype schema
  ---
  duration_ms: 1.058834
  type: 'test'
  ...
# Subtest: SNAP-A1 conforms to additive prototype schema
ok 9 - SNAP-A1 conforms to additive prototype schema
  ---
  duration_ms: 1.385167
  type: 'test'
  ...
# Subtest: SNAP-A2 conforms to additive prototype schema
ok 10 - SNAP-A2 conforms to additive prototype schema
  ---
  duration_ms: 2.48225
  type: 'test'
  ...
# Subtest: SNAP-A3 conforms to additive prototype schema
ok 11 - SNAP-A3 conforms to additive prototype schema
  ---
  duration_ms: 1.025875
  type: 'test'
  ...
# Subtest: RT-A26: qualified DEP-05 resolves to distinct meanings
ok 12 - RT-A26: qualified DEP-05 resolves to distinct meanings
  ---
  duration_ms: 0.471875
  type: 'test'
  ...
# Subtest: Schema rejects arbitrary action status and non-synthetic records
ok 13 - Schema rejects arbitrary action status and non-synthetic records
  ---
  duration_ms: 0.730917
  type: 'test'
  ...
# Subtest: Batch A object links resolve in the same case, including the retained readiness output ID
ok 14 - Batch A object links resolve in the same case, including the retained readiness output ID
  ---
  duration_ms: 0.711334
  type: 'test'
  ...
# Subtest: RT-A01 / A17: A0 separates the group and parties; registry arrives only by event
ok 15 - RT-A01 / A17: A0 separates the group and parties; registry arrives only by event
  ---
  duration_ms: 3.911875
  type: 'test'
  ...
# Subtest: RT-A02 / A03: employment evidence never creates principal authority
ok 16 - RT-A02 / A03: employment evidence never creates principal authority
  ---
  duration_ms: 0.487375
  type: 'test'
  ...
# Subtest: RT-A04 / A06 / A07: scope can be recorded with unresolved booking, not CDD or clearance
ok 17 - RT-A04 / A06 / A07: scope can be recorded with unresolved booking, not CDD or clearance
  ---
  duration_ms: 3.077291
  type: 'test'
  ...
# Subtest: RT-A11 / A20: purpose gap and request are idempotent and artifacts immutable
ok 18 - RT-A11 / A20: purpose gap and request are idempotent and artifacts immutable
  ---
  duration_ms: 2.982417
  type: 'test'
  ...
# Subtest: RT-A12: source unavailable does not populate registry content
ok 19 - RT-A12: source unavailable does not populate registry content
  ---
  duration_ms: 0.524959
  type: 'test'
  ...
# Subtest: RT-A13: action layer rejects missing demo permission and authority
ok 20 - RT-A13: action layer rejects missing demo permission and authority
  ---
  duration_ms: 0.499292
  type: 'test'
  ...
# Subtest: RT-A14 / A19: stale writes reject and context edits invalidate dependent currency
ok 21 - RT-A14 / A19: stale writes reject and context edits invalidate dependent currency
  ---
  duration_ms: 1.333
  type: 'test'
  ...
# Subtest: RT-A08 / A18: unknown applicability and holds fail closed per task
ok 22 - RT-A08 / A18: unknown applicability and holds fail closed per task
  ---
  duration_ms: 1.188208
  type: 'test'
  ...
# Subtest: RT-A15: Three Lens projections share one snapshot; shadow cannot mutate mainline
ok 23 - RT-A15: Three Lens projections share one snapshot; shadow cannot mutate mainline
  ---
  duration_ms: 2.614833
  type: 'test'
  ...
# Subtest: RT-A10 / A21: Next and media signals are presentation-only, unauthorized intent ignored
ok 24 - RT-A10 / A21: Next and media signals are presentation-only, unauthorized intent ignored
  ---
  duration_ms: 2.19275
  type: 'test'
  ...
# Subtest: RT-A27: candidate revision never overrides specifically approved asset revision
ok 25 - RT-A27: candidate revision never overrides specifically approved asset revision
  ---
  duration_ms: 0.331291
  type: 'test'
  ...
# Subtest: Earlier A0 cannot reuse a registry that has not arrived or confirm an unresolved scope
ok 26 - Earlier A0 cannot reuse a registry that has not arrived or confirm an unresolved scope
  ---
  duration_ms: 3.386208
  type: 'test'
  ...
# Subtest: RT-A08: completed preparation does not satisfy conflicts or another case condition
ok 27 - RT-A08: completed preparation does not satisfy conflicts or another case condition
  ---
  duration_ms: 1.123833
  type: 'test'
  ...
# Subtest: RT-A14: entity review invalidates a decision bound to the prior entity revision
ok 28 - RT-A14: entity review invalidates a decision bound to the prior entity revision
  ---
  duration_ms: 0.858416
  type: 'test'
  ...
# Subtest: False Green: unresolved Legal, Credit, QA and unknown EDD prevent readiness
ok 29 - False Green: unresolved Legal, Credit, QA and unknown EDD prevent readiness
  ---
  duration_ms: 4.685125
  type: 'test'
  ...
# Subtest: Empty conditions and missing scope fail closed
ok 30 - Empty conditions and missing scope fail closed
  ---
  duration_ms: 0.312583
  type: 'test'
  ...
# Subtest: Evidence receipt does not satisfy a requirement or decide a finding
ok 31 - Evidence receipt does not satisfy a requirement or decide a finding
  ---
  duration_ms: 3.323625
  type: 'test'
  ...
# Subtest: Registry reuse supports identity only, not every evidence purpose
ok 32 - Registry reuse supports identity only, not every evidence purpose
  ---
  duration_ms: 1.309416
  type: 'test'
  ...
# Subtest: An unauthorised role cannot record disposition
ok 33 - An unauthorised role cannot record disposition
  ---
  duration_ms: 3.050833
  type: 'test'
  ...
# Subtest: Disposition requires sufficient evidence and nonempty rationale
ok 34 - Disposition requires sufficient evidence and nonempty rationale
  ---
  duration_ms: 5.260333
  type: 'test'
  ...
# Subtest: One complete slice records a local decision, preserves other branches and does not publish
ok 35 - One complete slice records a local decision, preserves other branches and does not publish
  ---
  duration_ms: 1.546083
  type: 'test'
  ...
# Subtest: Stale revisions and duplicate submissions cannot create contradictory decisions
ok 36 - Stale revisions and duplicate submissions cannot create contradictory decisions
  ---
  duration_ms: 2.736791
  type: 'test'
  ...
# Subtest: Missing authority configuration fails closed even for reviewer
ok 37 - Missing authority configuration fails closed even for reviewer
  ---
  duration_ms: 2.676792
  type: 'test'
  ...
# Subtest: Missing input blocks reuse and no real publication action exists
ok 38 - Missing input blocks reuse and no real publication action exists
  ---
  duration_ms: 1.534625
  type: 'test'
  ...
# Subtest: Draft, request and referral are not disposition decisions
ok 39 - Draft, request and referral are not disposition decisions
  ---
  duration_ms: 0.723584
  type: 'test'
  ...
# Subtest: Dependency status follows fulfilled inputs rather than retaining the seed pending state
ok 40 - Dependency status follows fulfilled inputs rather than retaining the seed pending state
  ---
  duration_ms: 2.829625
  type: 'test'
  ...
# Subtest: Resolved finding cannot be silently reopened by a pause or information request
ok 41 - Resolved finding cannot be silently reopened by a pause or information request
  ---
  duration_ms: 2.33275
  type: 'test'
  ...
# Subtest: Batch B field contract and snapshots preserve one case and resolve item requirements
ok 42 - Batch B field contract and snapshots preserve one case and resolve item requirements
  ---
  duration_ms: 3.008833
  type: 'test'
  ...
# Subtest: Field dictionary includes types, sensitivity, edit ownership, provenance and UI binding
ok 43 - Field dictionary includes types, sensitivity, edit ownership, provenance and UI binding
  ---
  duration_ms: 1.840625
  type: 'test'
  ...
# Subtest: CH-27: adversarial all-local-items-complete fixture still cannot clear unresolved case conditions
ok 44 - CH-27: adversarial all-local-items-complete fixture still cannot clear unresolved case conditions
  ---
  duration_ms: 0.985916
  type: 'test'
  ...
# Subtest: Recorded Batch B actions replay to the exact final shared-case snapshot
ok 45 - Recorded Batch B actions replay to the exact final shared-case snapshot
  ---
  duration_ms: 11.81025
  type: 'test'
  ...
# Subtest: New pending-review request does not inherit historic notification sent state
ok 46 - New pending-review request does not inherit historic notification sent state
  ---
  duration_ms: 0.70575
  type: 'test'
  ...
# Subtest: Chinese client uses approved fixture explanation translation, retaining custom source text unchanged
ok 47 - Chinese client uses approved fixture explanation translation, retaining custom source text unchanged
  ---
  duration_ms: 0.117083
  type: 'test'
  ...
# Subtest: Client denied view emits no task editor or internal work panels
ok 48 - Client denied view emits no task editor or internal work panels
  ---
  duration_ms: 0.121167
  type: 'test'
  ...
# Subtest: Client task renders only supplied safe items and escapes response text
ok 49 - Client task renders only supplied safe items and escapes response text
  ---
  duration_ms: 0.112125
  type: 'test'
  ...
# Subtest: Client print has no form actions and includes only safe task receipt
ok 50 - Client print has no form actions and includes only safe task receipt
  ---
  duration_ms: 0.147041
  type: 'test'
  ...
# Subtest: CH-01/02/07/27: Batch B extends the same case/request without clearing unknowns or establishing authority
ok 51 - CH-01/02/07/27: Batch B extends the same case/request without clearing unknowns or establishing authority
  ---
  duration_ms: 4.788958
  type: 'test'
  ...
# Subtest: createBatchB refuses a case before working scope or Entity A identity resolution
ok 52 - createBatchB refuses a case before working scope or Entity A identity resolution
  ---
  duration_ms: 0.634708
  type: 'test'
  ...
# Subtest: CH-03/04/12/28: reference authentication and grants remain separate and projections fail closed
ok 53 - CH-03/04/12/28: reference authentication and grants remain separate and projections fail closed
  ---
  duration_ms: 3.526667
  type: 'test'
  ...
# Subtest: two separately assigned recipients never see one another's task or receipt
ok 54 - two separately assigned recipients never see one another's task or receipt
  ---
  duration_ms: 2.688917
  type: 'test'
  ...
# Subtest: CH-09/10/18/19/26: review is not send; dispatch is channel/version bound and idempotent
ok 55 - CH-09/10/18/19/26: review is not send; dispatch is channel/version bound and idempotent
  ---
  duration_ms: 4.1065
  type: 'test'
  ...
# Subtest: RM projection receives safe item progress and reviewed notes, never restricted reasons or artifacts
ok 56 - RM projection receives safe item progress and reviewed notes, never restricted reasons or artifacts
  ---
  duration_ms: 1.393167
  type: 'test'
  ...
# Subtest: stale case/request/item revisions reject without mutating current state
ok 57 - stale case/request/item revisions reject without mutating current state
  ---
  duration_ms: 3.448333
  type: 'test'
  ...
# Subtest: CH-08/16/19: one client submission is partial, received only, and duplicate safe
ok 58 - CH-08/16/19: one client submission is partial, received only, and duplicate safe
  ---
  duration_ms: 3.516417
  type: 'test'
  ...
# Subtest: CH-05: expired or revoked grant blocks every read/write while saved draft persists
ok 59 - CH-05: expired or revoked grant blocks every read/write while saved draft persists
  ---
  duration_ms: 3.403666
  type: 'test'
  ...
# Subtest: CH-13/14: staff-assisted duplicate candidates preserve origin, principal and uploader
ok 60 - CH-13/14: staff-assisted duplicate candidates preserve origin, principal and uploader
  ---
  duration_ms: 2.053
  type: 'test'
  ...
# Subtest: CH-15/16/17/27: intake, purpose link and assessment gates are independent
ok 61 - CH-15/16/17/27: intake, purpose link and assessment gates are independent
  ---
  duration_ms: 5.880667
  type: 'test'
  ...
# Subtest: CH-11: replacing a recipient revokes old access and creates only a controlled item grant
ok 62 - CH-11: replacing a recipient revokes old access and creates only a controlled item grant
  ---
  duration_ms: 1.54025
  type: 'test'
  ...
# Subtest: CH-20: scope changes invalidate access/current assessments without deleting saved records
ok 63 - CH-20: scope changes invalidate access/current assessments without deleting saved records
  ---
  duration_ms: 1.19125
  type: 'test'
  ...
# Subtest: request feedback and referrals affect only the selected item and preserve whole-case readiness
ok 64 - request feedback and referrals affect only the selected item and preserve whole-case readiness
  ---
  duration_ms: 2.972375
  type: 'test'
  ...
# Subtest: client questions repeat session, principal, scope and item-grant checks
ok 65 - client questions repeat session, principal, scope and item-grant checks
  ---
  duration_ms: 4.230084
  type: 'test'
  ...
# Subtest: a scope revision change blocks dispatch until request scope and review are refreshed
ok 66 - a scope revision change blocks dispatch until request scope and review are refreshed
  ---
  duration_ms: 2.190292
  type: 'test'
  ...
# Subtest: an existing purpose-specific requirement is reused by physical ID
ok 67 - an existing purpose-specific requirement is reused by physical ID
  ---
  duration_ms: 1.577917
  type: 'test'
  ...
# Subtest: a grant is unusable when its recipient is no longer current or no longer assigns the item
ok 68 - a grant is unusable when its recipient is no longer current or no longer assigns the item
  ---
  duration_ms: 5.221666
  type: 'test'
  ...
# Subtest: assessment binds the exact evidence revision linked to the item
ok 69 - assessment binds the exact evidence revision linked to the item
  ---
  duration_ms: 3.391375
  type: 'test'
  ...
# Subtest: each accepted action appends a readiness snapshot without rewriting history
ok 70 - each accepted action appends a readiness snapshot without rewriting history
  ---
  duration_ms: 1.915583
  type: 'test'
  ...
# Subtest: client projection validates every grant before including each item or receipt
ok 71 - client projection validates every grant before including each item or receipt
  ---
  duration_ms: 2.803125
  type: 'test'
  ...
# Subtest: recipient replacement requires current review/config and an item owned by the old recipient
ok 72 - recipient replacement requires current review/config and an item owned by the old recipient
  ---
  duration_ms: 5.01025
  type: 'test'
  ...
# Subtest: old-scope evidence cannot be linked after request scope is saved and reviewed again
ok 73 - old-scope evidence cannot be linked after request scope is saved and reviewed again
  ---
  duration_ms: 3.866417
  type: 'test'
  ...
# Subtest: idempotency permits exact logical replay but rejects key collisions before permissions
ok 74 - idempotency permits exact logical replay but rejects key collisions before permissions
  ---
  duration_ms: 1.706292
  type: 'test'
  ...
# Subtest: submit_response uses current text directly and never substitutes an older saved draft
ok 75 - submit_response uses current text directly and never substitutes an older saved draft
  ---
  duration_ms: 5.75175
  type: 'test'
  ...
# Subtest: host accepts only media fields and never restores playback
ok 76 - host accepts only media fields and never restores playback
  ---
  duration_ms: 0.607125
  type: 'test'
  ...
# Subtest: frozen Entity narrative never replaces latest live receipt or authority
ok 77 - frozen Entity narrative never replaces latest live receipt or authority
  ---
  duration_ms: 3.724167
  type: 'test'
  ...
# Subtest: host ignores stale async completion and payloads, snapshots pause on stop
ok 78 - host ignores stale async completion and payloads, snapshots pause on stop
  ---
  duration_ms: 5.565083
  type: 'test'
  ...
# Subtest: optional module failure leaves readable static fallback open
ok 79 - optional module failure leaves readable static fallback open
  ---
  duration_ms: 0.12975
  type: 'test'
  ...
# Subtest: required resource failure displays notice inside an existing shadow root
ok 80 - required resource failure displays notice inside an existing shadow root
  ---
  duration_ms: 0.13075
  type: 'test'
  ...
# Subtest: unpassed A02 hold caps restored time, wrong revision ignored
ok 81 - unpassed A02 hold caps restored time, wrong revision ignored
  ---
  duration_ms: 0.103583
  type: 'test'
  ...
# Subtest: direct preview changes navigation only; existing case/role/locale preserved
ok 82 - direct preview changes navigation only; existing case/role/locale preserved
  ---
  duration_ms: 0.510458
  type: 'test'
  ...
# Subtest: static fallback always contains all 5+6 cues in all locales, with guard facts
ok 83 - static fallback always contains all 5+6 cues in all locales, with guard facts
  ---
  duration_ms: 0.170875
  type: 'test'
  ...
# Subtest: Current scene returns from Target product without overwriting latest language or case revision
ok 84 - Current scene returns from Target product without overwriting latest language or case revision
  ---
  duration_ms: 1.878125
  type: 'test'
  ...
# Subtest: Journey return closes modal but preserves role and semantic camera
ok 85 - Journey return closes modal but preserves role and semantic camera
  ---
  duration_ms: 1.107792
  type: 'test'
  ...
# Subtest: Explore does not consume story cursor; Continue advances curated route only
ok 86 - Explore does not consume story cursor; Continue advances curated route only
  ---
  duration_ms: 0.481208
  type: 'test'
  ...
# Subtest: Comparison and language changes keep scene and semantic anchor
ok 87 - Comparison and language changes keep scene and semantic anchor
  ---
  duration_ms: 0.390208
  type: 'test'
  ...
# Subtest: Save, discard and stay have different leave semantics
ok 88 - Save, discard and stay have different leave semantics
  ---
  duration_ms: 0.056625
  type: 'test'
  ...
# Subtest: Batch C product and reference layers preserve the exact Current scene origin
ok 89 - Batch C product and reference layers preserve the exact Current scene origin
  ---
  duration_ms: 0.146667
  type: 'test'
  ...
# Subtest: global References retains an explicit all-library scope and All clears node filters
ok 90 - global References retains an explicit all-library scope and All clears node filters
  ---
  duration_ms: 0.141375
  type: 'test'
  ...
# Subtest: scene and Reference dialogs use distinct scroll keys for the same scene
ok 91 - scene and Reference dialogs use distinct scroll keys for the same scene
  ---
  duration_ms: 0.065292
  type: 'test'
  ...
# Subtest: story route presents D1-D5 after the screening slice without adding scenario IDs
ok 92 - story route presents D1-D5 after the screening slice without adding scenario IDs
  ---
  duration_ms: 0.570291
  type: 'test'
  ...
# Subtest: dependency return restores condition, revision and viewport context while latest locale wins
ok 93 - dependency return restores condition, revision and viewport context while latest locale wins
  ---
  duration_ms: 0.342583
  type: 'test'
  ...
# Subtest: selected agreement revision stays frozen when live data revision is reported separately
ok 94 - selected agreement revision stays frozen when live data revision is reported separately
  ---
  duration_ms: 0.0965
  type: 'test'
  ...
# Subtest: specialist scene and beat navigation synchronize the rendered graph family without losing same-family focus
ok 95 - specialist scene and beat navigation synchronize the rendered graph family without losing same-family focus
  ---
  duration_ms: 0.12025
  type: 'test'
  ...
# Subtest: standalone print has no collapsible content that could hide controls or cross-scene uses
ok 96 - standalone print has no collapsible content that could hide controls or cross-scene uses
  ---
  duration_ms: 16.476875
  type: 'test'
  ...
# Subtest: customer export physically excludes author payloads, internal references and Chinese across every artifact
ok 97 - customer export physically excludes author payloads, internal references and Chinese across every artifact
  ---
  duration_ms: 18.459792
  type: 'test'
  ...
# Subtest: role downgrade in Product is retained on every Operating Model return destination and original-source return
ok 98 - role downgrade in Product is retained on every Operating Model return destination and original-source return
  ---
  duration_ms: 2.224
  type: 'test'
  ...
# Subtest: Previous or Next selecting a valid action clears an obsolete-link warning
ok 99 - Previous or Next selecting a valid action clears an obsolete-link warning
  ---
  duration_ms: 0.350417
  type: 'test'
  ...
# Subtest: collaboration pauses at both human boundaries and ordinary navigation cannot reach authored outcome
ok 100 - collaboration pauses at both human boundaries and ordinary navigation cannot reach authored outcome
  ---
  duration_ms: 0.282708
  type: 'test'
  ...
# Subtest: deep links retain obsolete action reference without silently selecting a similar action
ok 101 - deep links retain obsolete action reference without silently selecting a similar action
  ---
  duration_ms: 0.078667
  type: 'test'
  ...
# Subtest: prototype target requires actual same Person T finding on active latest C run
ok 102 - prototype target requires actual same Person T finding on active latest C run
  ---
  duration_ms: 1.638791
  type: 'test'
  ...
# Subtest: Operating origin and product return preserve Current, semantic position and newest locale without case data
ok 103 - Operating origin and product return preserve Current, semantic position and newest locale without case data
  ---
  duration_ms: 0.1775
  type: 'test'
  ...
# Subtest: physical print uses its margin-box context without duplicating the screen preview header
ok 104 - physical print uses its margin-box context without duplicating the screen preview header
  ---
  duration_ms: 4.570625
  type: 'test'
  ...
# Subtest: every pilot action has complete English controls, rationale and translated printable content
ok 105 - every pilot action has complete English controls, rationale and translated printable content
  ---
  duration_ms: 0.897375
  type: 'test'
  ...
# Subtest: print opens every native disclosure so offscreen controls and reuse survive browser print layout
ok 106 - print opens every native disclosure so offscreen controls and reuse survive browser print layout
  ---
  duration_ms: 1.600167
  type: 'test'
  ...
# Subtest: print titles survive hiding interactive buttons and shared sources occur once with a repeating page header
ok 107 - print titles survive hiding interactive buttons and shared sources occur once with a repeating page header
  ---
  duration_ms: 1.674
  type: 'test'
  ...
# Subtest: printing an un-authored Skill family cannot invent a SK06 sample or claim its sample is authored
ok 108 - printing an un-authored Skill family cannot invent a SK06 sample or claim its sample is authored
  ---
  duration_ms: 0.275875
  type: 'test'
  ...
# Subtest: Skill Brief prints the same implicit first related family visible in the Skills view
ok 109 - Skill Brief prints the same implicit first related family visible in the Skills view
  ---
  duration_ms: 0.54575
  type: 'test'
  ...
# Subtest: reduced-motion content cannot expose authored outcomes before explicit preview
ok 110 - reduced-motion content cannot expose authored outcomes before explicit preview
  ---
  duration_ms: 0.900625
  type: 'test'
  ...
# Subtest: English renders the fixed pack recommendation, inherited assessment, cited sources and complete controls
ok 111 - English renders the fixed pack recommendation, inherited assessment, cited sources and complete controls
  ---
  duration_ms: 0.368583
  type: 'test'
  ...
# Subtest: human skill usage is supporting and samples preserve missing birth date as unknown
ok 112 - human skill usage is supporting and samples preserve missing birth date as unknown
  ---
  duration_ms: 0.489292
  type: 'test'
  ...
# Subtest: both print collections include offscreen content and denied roles receive no author content
ok 113 - both print collections include offscreen content and denied roles receive no author content
  ---
  duration_ms: 4.530375
  type: 'test'
  ...
# Subtest: projection keeps a human gate despite high adaptive need and derives scores without replacing missing values
ok 114 - projection keeps a human gate despite high adaptive need and derives scores without replacing missing values
  ---
  duration_ms: 17.454083
  type: 'test'
  ...
# Subtest: full source reuse distinguishes supporting human judgment and executable uses and retains every exact source
ok 115 - full source reuse distinguishes supporting human judgment and executable uses and retains every exact source
  ---
  duration_ms: 3.668667
  type: 'test'
  ...
# Subtest: unknown or denied role cannot obtain author projection
ok 116 - unknown or denied role cannot obtain author projection
  ---
  duration_ms: 0.072459
  type: 'test'
  ...
# Subtest: D3 materiality and attribute-comparison nodes open their exact substantive action, not a preceding preparation step
ok 117 - D3 materiality and attribute-comparison nodes open their exact substantive action, not a preceding preparation step
  ---
  duration_ms: 0.047667
  type: 'test'
  ...
# Subtest: Print waits for every image, including offscreen Target, before invoking print
ok 118 - Print waits for every image, including offscreen Target, before invoking print
  ---
  duration_ms: 0.495917
  type: 'test'
  ...
# Subtest: Failed print image prevents a silent incomplete PDF
ok 119 - Failed print image prevents a silent incomplete PDF
  ---
  duration_ms: 0.210417
  type: 'test'
  ...
# Subtest: taxonomy diagram preserves group members and source node aliases without creating execution edges
ok 120 - taxonomy diagram preserves group members and source node aliases without creating execution edges
  ---
  duration_ms: 1.022125
  type: 'test'
  ...
# Subtest: graph alias collisions fail instead of merging different source nodes
ok 121 - graph alias collisions fail instead of merging different source nodes
  ---
  duration_ms: 0.184625
  type: 'test'
  ...
# Subtest: exports the bounded reconstruction author registry
ok 122 - exports the bounded reconstruction author registry
  ---
  duration_ms: 12.244083
  type: 'test'
  ...
# Subtest: assigns all 94 source changes exactly once to the prescribed 12 primary branches
ok 123 - assigns all 94 source changes exactly once to the prescribed 12 primary branches
  ---
  duration_ms: 1.53175
  type: 'test'
  ...
# Subtest: maps S1-S5 scene aliases and keeps BR-12 taxonomy subroots independent
ok 124 - maps S1-S5 scene aliases and keeps BR-12 taxonomy subroots independent
  ---
  duration_ms: 0.583834
  type: 'test'
  ...
# Subtest: retains source classification, flags, actors and exact occurrence references without claiming bank validation
ok 125 - retains source classification, flags, actors and exact occurrence references without claiming bank validation
  ---
  duration_ms: 0.878458
  type: 'test'
  ...
# Subtest: keeps every proposed addition predecessor-free and separates readable Current context
ok 126 - keeps every proposed addition predecessor-free and separates readable Current context
  ---
  duration_ms: 0.421334
  type: 'test'
  ...
# Subtest: uses exact PC-01 mapping groups with shared Current activities and distinct design subnodes
ok 127 - uses exact PC-01 mapping groups with shared Current activities and distinct design subnodes
  ---
  duration_ms: 0.154125
  type: 'test'
  ...
# Subtest: projects only four PC-01 scenes with one shared input, defaults and complete locale copy
ok 128 - projects only four PC-01 scenes with one shared input, defaults and complete locale copy
  ---
  duration_ms: 2.04575
  type: 'test'
  ...
# Subtest: preserves the approved same-case facts and separates employment from authority in every locale
ok 129 - preserves the approved same-case facts and separates employment from authority in every locale
  ---
  duration_ms: 0.227083
  type: 'test'
  ...
# Subtest: keeps every projected trace reference locally resolvable and identifies wider-chain refs for registry lookup
ok 130 - keeps every projected trace reference locally resolvable and identifies wider-chain refs for registry lookup
  ---
  duration_ms: 0.465166
  type: 'test'
  ...
# Subtest: links explicit hypothetical pain to opportunity and support while preserving null pain for controls
ok 131 - links explicit hypothetical pain to opportunity and support while preserving null pain for controls
  ---
  duration_ms: 0.358167
  type: 'test'
  ...
# Subtest: freezes author data and rejects duplicate changes, dangling refs and malformed source IDs
ok 132 - freezes author data and rejects duplicate changes, dangling refs and malformed source IDs
  ---
  duration_ms: 9.991291
  type: 'test'
  ...
# Subtest: rejects joint branch-ownership corruption and changes to the prescribed branch contract
ok 133 - rejects joint branch-ownership corruption and changes to the prescribed branch contract
  ---
  duration_ms: 8.825333
  type: 'test'
  ...
# Subtest: scenario entry shows business summary and one explicit compare action
ok 134 - scenario entry shows business summary and one explicit compare action
  ---
  duration_ms: 1.893917
  type: 'test'
  ...
# Subtest: three-way reader mode remains local and semantic state rejects business payload
ok 135 - three-way reader mode remains local and semantic state rejects business payload
  ---
  duration_ms: 1.624917
  type: 'test'
  ...
# Subtest: proposed addition keeps empty predecessor and separate source context
ok 136 - proposed addition keeps empty predecessor and separate source context
  ---
  duration_ms: 0.990959
  type: 'test'
  ...
# Subtest: many-to-one group highlights exact members without creating cartesian links
ok 137 - many-to-one group highlights exact members without creating cartesian links
  ---
  duration_ms: 0.440959
  type: 'test'
  ...
# Subtest: unknown mapping or replaced node returns branch overview with old reference notice
ok 138 - unknown mapping or replaced node returns branch overview with old reference notice
  ---
  duration_ms: 0.285542
  type: 'test'
  ...
# Subtest: filter empty state retains branch and clears independently
ok 139 - filter empty state retains branch and clears independently
  ---
  duration_ms: 1.272375
  type: 'test'
  ...
# Subtest: branch print includes complete BR04 groups, hypotheses and source footnotes
ok 140 - branch print includes complete BR04 groups, hypotheses and source footnotes
  ---
  duration_ms: 0.865417
  type: 'test'
  ...
# Subtest: restricted reader and print never include internal sources or traces
ok 141 - restricted reader and print never include internal sources or traces
  ---
  duration_ms: 0.334
  type: 'test'
  ...
# Subtest: target resolver names absent prototype and never invents product or item
ok 142 - target resolver names absent prototype and never invents product or item
  ---
  duration_ms: 0.658709
  type: 'test'
  ...
# Subtest: product resolution uses collaboration tabs and preserves relevant selection
ok 143 - product resolution uses collaboration tabs and preserves relevant selection
  ---
  duration_ms: 0.42975
  type: 'test'
  ...
# Subtest: reference back and product return restore reader position and latest locale
ok 144 - reference back and product return restore reader position and latest locale
  ---
  duration_ms: 1.55125
  type: 'test'
  ...
# Subtest: BR04 branch index exposes both context choices and other branches await calibration
ok 145 - BR04 branch index exposes both context choices and other branches await calibration
  ---
  duration_ms: 0.169917
  type: 'test'
  ...
# Subtest: comparison checkpoint retains same authored case actors and instrument
ok 146 - comparison checkpoint retains same authored case actors and instrument
  ---
  duration_ms: 0.556167
  type: 'test'
  ...
# Subtest: aggregated BR04 support trace resolves both scene-local mappings
ok 147 - aggregated BR04 support trace resolves both scene-local mappings
  ---
  duration_ms: 0.103833
  type: 'test'
  ...
# Subtest: Escape leaves references first then closes outer comparison without moving camera
ok 148 - Escape leaves references first then closes outer comparison without moving camera
  ---
  duration_ms: 1.84525
  type: 'test'
  ...
# Subtest: restricted reader permits safe existing-workspace return without internal content or context reset
ok 149 - restricted reader permits safe existing-workspace return without internal content or context reset
  ---
  duration_ms: 1.532
  type: 'test'
  ...
# Subtest: branch print retains readable reference provenance but excludes raw JSON kept on screen
ok 150 - branch print retains readable reference provenance but excludes raw JSON kept on screen
  ---
  duration_ms: 2.024042
  type: 'test'
  ...
# Subtest: complete branch print includes authored work inputs outputs and controls
ok 151 - complete branch print includes authored work inputs outputs and controls
  ---
  duration_ms: 1.489041
  type: 'test'
  ...
# Subtest: global reference Escape after a PC01 visit closes the actual reference layer
ok 152 - global reference Escape after a PC01 visit closes the actual reference layer
  ---
  duration_ms: 0.949208
  type: 'test'
  ...
# Subtest: two branch transitions preserve and restore every semantic reader context
ok 153 - two branch transitions preserve and restore every semantic reader context
  ---
  duration_ms: 1.626083
  type: 'test'
  ...
# Subtest: scene-query and product transitions invalidate a saved branch-print marker
ok 154 - scene-query and product transitions invalidate a saved branch-print marker
  ---
  duration_ms: 0.428792
  type: 'test'
  ...
# Subtest: branch print selection requires the active print surface and preserves print-origin return
ok 155 - branch print selection requires the active print surface and preserves print-origin return
  ---
  duration_ms: 0.339375
  type: 'test'
  ...
# Subtest: Chinese control explanations render locally while exact source invariants stay unchanged
ok 156 - Chinese control explanations render locally while exact source invariants stay unchanged
  ---
  duration_ms: 1.081375
  type: 'test'
  ...
# Subtest: RT-C52/55 imported qualified aliases retain observations and inherited status
ok 157 - RT-C52/55 imported qualified aliases retain observations and inherited status
  ---
  duration_ms: 1.562625
  type: 'test'
  ...
# Subtest: RT-C53/54 deduplication keeps observation identity and distinct versions/artifacts
ok 158 - RT-C53/54 deduplication keeps observation identity and distinct versions/artifacts
  ---
  duration_ms: 0.186167
  type: 'test'
  ...
# Subtest: RT-C56/57/58 source renderer is safe, scoped and never implies acquired media
ok 159 - RT-C56/57/58 source renderer is safe, scoped and never implies acquired media
  ---
  duration_ms: 2.036291
  type: 'test'
  ...
# Subtest: RT-C59/60 filters and locale retain canonical title, alias and interpretation boundary
ok 160 - RT-C59/60 filters and locale retain canonical title, alias and interpretation boundary
  ---
  duration_ms: 0.4105
  type: 'test'
  ...
# Subtest: RT-C63 English print exposes inherited source status without opening a disclosure
ok 161 - RT-C63 English print exposes inherited source status without opening a disclosure
  ---
  duration_ms: 0.15
  type: 'test'
  ...
# Subtest: RT-C48/58 project-only node cards expose source gaps without bundling internal originals
ok 162 - RT-C48/58 project-only node cards expose source gaps without bundling internal originals
  ---
  duration_ms: 0.133875
  type: 'test'
  ...
# Subtest: Every runtime action produces an exact schema-conforming shared fixture
ok 163 - Every runtime action produces an exact schema-conforming shared fixture
  ---
  duration_ms: 14.883958
  type: 'test'
  ...
# Subtest: Every runtime action preserves latest semantics and historical snapshot bases
ok 164 - Every runtime action preserves latest semantics and historical snapshot bases
  ---
  duration_ms: 16.486666
  type: 'test'
  ...
# Subtest: KYC purpose assessment rejects absent or wrongly scoped demo permission
ok 165 - KYC purpose assessment rejects absent or wrongly scoped demo permission
  ---
  duration_ms: 1.320125
  type: 'test'
  ...
# Subtest: KYC assessment binds to its own configured authority
ok 166 - KYC assessment binds to its own configured authority
  ---
  duration_ms: 0.526333
  type: 'test'
  ...
# Subtest: Invalid and stale input revisions fail before mutation
ok 167 - Invalid and stale input revisions fail before mutation
  ---
  duration_ms: 3.067333
  type: 'test'
  ...
# Subtest: Each accepted action increments case once and retains immutable prior input
ok 168 - Each accepted action increments case once and retains immutable prior input
  ---
  duration_ms: 2.38525
  type: 'test'
  ...
# Subtest: Null booking context blocks readiness even when all conditions are green
ok 169 - Null booking context blocks readiness even when all conditions are green
  ---
  duration_ms: 0.255375
  type: 'test'
  ...
# Subtest: Sufficient assessment with stale evidence or mismatched purpose cannot disposition
ok 170 - Sufficient assessment with stale evidence or mismatched purpose cannot disposition
  ---
  duration_ms: 1.778958
  type: 'test'
  ...
# Subtest: Optional audit rationale is omitted rather than null
ok 171 - Optional audit rationale is omitted rather than null
  ---
  duration_ms: 0.673
  type: 'test'
  ...
# Subtest: Latest snapshot cannot lie while history retains past blockers
ok 172 - Latest snapshot cannot lie while history retains past blockers
  ---
  duration_ms: 2.754333
  type: 'test'
  ...
# Subtest: B request projection excludes another request and RM excludes response drafts
ok 173 - B request projection excludes another request and RM excludes response drafts
  ---
  duration_ms: 3.767458
  type: 'test'
  ...
# Subtest: cross-request item and recipient actions are rejected without writes
ok 174 - cross-request item and recipient actions are rejected without writes
  ---
  duration_ms: 2.419542
  type: 'test'
  ...
# Subtest: review and dispatch do not grant or notify recipients from another request
ok 175 - review and dispatch do not grant or notify recipients from another request
  ---
  duration_ms: 1.346625
  type: 'test'
  ...
# Subtest: dispatch policy purposes must include every selected request item
ok 176 - dispatch policy purposes must include every selected request item
  ---
  duration_ms: 1.115625
  type: 'test'
  ...
# Subtest: RT-C10/11/12/13/67: new identity intake reuses B with separate purpose, grant, provenance and insufficient outcome
ok 177 - RT-C10/11/12/13/67: new identity intake reuses B with separate purpose, grant, provenance and insufficient outcome
  ---
  duration_ms: 103.118375
  type: 'test'
  ...
# Subtest: request membership is rechecked before granting or dispatching corrupted recipient item lists
ok 178 - request membership is rechecked before granting or dispatching corrupted recipient item lists
  ---
  duration_ms: 4.932542
  type: 'test'
  ...
# Subtest: identity client text cannot be replaced with restricted provider text and holds are checked by reused actions
ok 179 - identity client text cannot be replaced with restricted provider text and holds are checked by reused actions
  ---
  duration_ms: 23.365667
  type: 'test'
  ...
# Subtest: C client sessions cannot reuse a B session or another request grant
ok 180 - C client sessions cannot reuse a B session or another request grant
  ---
  duration_ms: 18.499875
  type: 'test'
  ...
# Subtest: staff-assisted identity submission must name a contributor assigned to that item
ok 181 - staff-assisted identity submission must name a contributor assigned to that item
  ---
  duration_ms: 25.391834
  type: 'test'
  ...
# Subtest: review fix: unknown evidence-scoped hold blocks identity assessment in predicate and action without writes
ok 182 - review fix: unknown evidence-scoped hold blocks identity assessment in predicate and action without writes
  ---
  duration_ms: 28.186166
  type: 'test'
  ...
# Subtest: review fix: resume rechecks the identity request item hold after a current assessment
ok 183 - review fix: resume rechecks the identity request item hold after a current assessment
  ---
  duration_ms: 23.372292
  type: 'test'
  ...
# Subtest: review round2: a held artifact cannot be cited by unresolved or referral decisions
ok 184 - review round2: a held artifact cannot be cited by unresolved or referral decisions
  ---
  duration_ms: 49.787709
  type: 'test'
  ...
# Subtest: review round2: a held assessment cannot be cited by unresolved or referral decisions
ok 185 - review round2: a held assessment cannot be cited by unresolved or referral decisions
  ---
  duration_ms: 47.720791
  type: 'test'
  ...
# Subtest: review round2: explicit emergency finding-only referral does not cite held evidence and preserves narrower work scopes
ok 186 - review round2: explicit emergency finding-only referral does not cite held evidence and preserves narrower work scopes
  ---
  duration_ms: 29.779542
  type: 'test'
  ...
# Subtest: review round2: emergency basis exclusion is unavailable without its explicit scoped policy
ok 187 - review round2: emergency basis exclusion is unavailable without its explicit scoped policy
  ---
  duration_ms: 20.785291
  type: 'test'
  ...
# Subtest: review round2: unrelated artifact holds do not block a decision whose actual basis excludes that artifact
ok 188 - review round2: unrelated artifact holds do not block a decision whose actual basis excludes that artifact
  ---
  duration_ms: 23.317375
  type: 'test'
  ...
# Subtest: review round2: EDD applicability decision cannot cite a held evidence-use basis
ok 189 - review round2: EDD applicability decision cannot cite a held evidence-use basis
  ---
  duration_ms: 18.513958
  type: 'test'
  ...
# Subtest: RT-C03 confirmed coordination remains distinct from identity and trade/signing authority
ok 190 - RT-C03 confirmed coordination remains distinct from identity and trade/signing authority
  ---
  duration_ms: 32.014375
  type: 'test'
  ...
# Subtest: RT-C19 population revision change preserves old results but invalidates reuse
ok 191 - RT-C19 population revision change preserves old results but invalidates reuse
  ---
  duration_ms: 46.228459
  type: 'test'
  ...
# Subtest: RT-C35 source-qualified dependency meanings and evidence aliases do not collide
ok 192 - RT-C35 source-qualified dependency meanings and evidence aliases do not collide
  ---
  duration_ms: 0.594833
  type: 'test'
  ...
# Subtest: RT-C42 referral followed by identity collection retains two branches on one finding
ok 193 - RT-C42 referral followed by identity collection retains two branches on one finding
  ---
  duration_ms: 59.168875
  type: 'test'
  ...
# Subtest: RT-C47 actual graph action bindings match current role-specific predicates across entry and result
ok 194 - RT-C47 actual graph action bindings match current role-specific predicates across entry and result
  ---
  duration_ms: 48.913834
  type: 'test'
  ...
# Subtest: RT-C48 every semantic node reference resolves to a scoped source or labelled interpretation
ok 195 - RT-C48 every semantic node reference resolves to a scoped source or labelled interpretation
  ---
  duration_ms: 1.3505
  type: 'test'
  ...
# Subtest: RT-C48 all approved node and edge contracts retained, grouped without losing guards
ok 196 - RT-C48 all approved node and edge contracts retained, grouped without losing guards
  ---
  duration_ms: 0.717125
  type: 'test'
  ...
# Subtest: RT-C47 graph reads exact predicate objects and never infers permissions from captions
ok 197 - RT-C47 graph reads exact predicate objects and never infers permissions from captions
  ---
  duration_ms: 0.120459
  type: 'test'
  ...
# Subtest: bilingual node titles preserve English internal slashes and Chinese labels
ok 198 - bilingual node titles preserve English internal slashes and Chinese labels
  ---
  duration_ms: 0.0845
  type: 'test'
  ...
# Subtest: RT-C47 graph binds preparation and dispatch to their distinct actual action predicates
ok 199 - RT-C47 graph binds preparation and dispatch to their distinct actual action predicates
  ---
  duration_ms: 0.066625
  type: 'test'
  ...
# Subtest: RT-C32/63 print includes every semantic node despite active focus
ok 200 - RT-C32/63 print includes every semantic node despite active focus
  ---
  duration_ms: 2.332875
  type: 'test'
  ...
# Subtest: RT-C50/60 canonical intrinsic image dimensions reserve space before locale assets load
ok 201 - RT-C50/60 canonical intrinsic image dimensions reserve space before locale assets load
  ---
  duration_ms: 14.953583
  type: 'test'
  ...
# Subtest: RT-C01/03/04/66: additive C entry preserves B and has no identity evidence or C finding
ok 202 - RT-C01/03/04/66: additive C entry preserves B and has no identity evidence or C finding
  ---
  duration_ms: 6.794625
  type: 'test'
  ...
# Subtest: RT-C37/38: partial entry permits defined preliminary only, comprehensive requires confirmed inventory
ok 203 - RT-C37/38: partial entry permits defined preliminary only, comprehensive requires confirmed inventory
  ---
  duration_ms: 47.518917
  type: 'test'
  ...
# Subtest: RT-C02/05/06/20/26: named zero, failure, partial and unknown dataset never imply complete coverage
ok 204 - RT-C02/05/06/20/26: named zero, failure, partial and unknown dataset never imply complete coverage
  ---
  duration_ms: 108.97375
  type: 'test'
  ...
# Subtest: RT-C07/08/09/34: possible match uses Person T immutable snapshots and honest comparison
ok 205 - RT-C07/08/09/34: possible match uses Person T immutable snapshots and honest comparison
  ---
  duration_ms: 11.722375
  type: 'test'
  ...
# Subtest: RT-C14/15/16/17/66: permissions, rationale, stale inputs and idempotency protect writes
ok 206 - RT-C14/15/16/17/66: permissions, rationale, stale inputs and idempotency protect writes
  ---
  duration_ms: 47.008167
  type: 'test'
  ...
# Subtest: RT-C19/45: late responses are historical and never replace current run
ok 207 - RT-C19/45: late responses are historical and never replace current run
  ---
  duration_ms: 21.0435
  type: 'test'
  ...
# Subtest: RT-C21/23/24/36/41/42/43/65: gaps and urgent referral coexist without manufactured release
ok 208 - RT-C21/23/24/36/41/42/43/65: gaps and urgent referral coexist without manufactured release
  ---
  duration_ms: 30.599292
  type: 'test'
  ...
# Subtest: RT-C13/47/68: projections are allowlists and lenses share one revision, shadow inject disabled
ok 209 - RT-C13/47/68: projections are allowlists and lenses share one revision, shadow inject disabled
  ---
  duration_ms: 14.121375
  type: 'test'
  ...
# Subtest: RT-C22/39/40: EDD remains independent; only reviewed current reason can record applicability
ok 210 - RT-C22/39/40: EDD remains independent; only reviewed current reason can record applicability
  ---
  duration_ms: 19.814583
  type: 'test'
  ...
# Subtest: RT-C22: required EDD creates bounded linked work and pack with explicit open issues
ok 211 - RT-C22: required EDD creates bounded linked work and pack with explicit open issues
  ---
  duration_ms: 8.156625
  type: 'test'
  ...
# Subtest: client projection context cannot override its role with an ops audience
ok 212 - client projection context cannot override its role with an ops audience
  ---
  duration_ms: 12.05275
  type: 'test'
  ...
# Subtest: RT-C16/19/46: subject changes, revoked permission and scope changes block resumed substantive work
ok 213 - RT-C16/19/46: subject changes, revoked permission and scope changes block resumed substantive work
  ---
  duration_ms: 24.523125
  type: 'test'
  ...
# Subtest: RT-C47/48: unconfigured comprehensive adapter is not presented as executable even with supplied population confirmation
ok 214 - RT-C47/48: unconfigured comprehensive adapter is not presented as executable even with supplied population confirmation
  ---
  duration_ms: 1.939666
  type: 'test'
  ...
# Subtest: C candidate contract has complete field metadata and literal independent outcomes, and rejects malformed content
ok 215 - C candidate contract has complete field metadata and literal independent outcomes, and rejects malformed content
  ---
  duration_ms: 73.640292
  type: 'test'
  ...
# Subtest: branch provenance resolves to actual events and existing evidence is reviewed before targeted collection
ok 216 - branch provenance resolves to actual events and existing evidence is reviewed before targeted collection
  ---
  duration_ms: 12.473833
  type: 'test'
  ...
# Subtest: graph facts distinguish returned result and evidence sufficiency from permission to write an assessment
ok 217 - graph facts distinguish returned result and evidence sufficiency from permission to write an assessment
  ---
  duration_ms: 9.916917
  type: 'test'
  ...
# Subtest: review fix: immediate Unassigned referral cannot resume without owner or a new authorised review
ok 218 - review fix: immediate Unassigned referral cannot resume without owner or a new authorised review
  ---
  duration_ms: 21.422416
  type: 'test'
  ...
# Subtest: review fix: a newer finding decision cannot justify resuming an older referral
ok 219 - review fix: a newer finding decision cannot justify resuming an older referral
  ---
  duration_ms: 28.047625
  type: 'test'
  ...
# Subtest: review fix: EDD resume needs its own current pack and approval prerequisites, not a screening finding
ok 220 - review fix: EDD resume needs its own current pack and approval prerequisites, not a screening finding
  ---
  duration_ms: 22.284958
  type: 'test'
  ...
# Subtest: review fix: request and EDD applicability object holds participate in named write guards
ok 221 - review fix: request and EDD applicability object holds participate in named write guards
  ---
  duration_ms: 11.291
  type: 'test'
  ...
# Subtest: review fix: supported referral resume retains its fixed finding and records the actual later review event
ok 222 - review fix: supported referral resume retains its fixed finding and records the actual later review event
  ---
  duration_ms: 34.088709
  type: 'test'
  ...
# Subtest: review fix: later finding referrals anchor their own review task rather than the first finding task
ok 223 - review fix: later finding referrals anchor their own review task rather than the first finding task
  ---
  duration_ms: 28.186042
  type: 'test'
  ...
# Subtest: review round2: preliminary request eligibility requires the same current plan as the reducer
ok 224 - review round2: preliminary request eligibility requires the same current plan as the reducer
  ---
  duration_ms: 11.527459
  type: 'test'
  ...
# Subtest: Batch C entry is explicit and names both current-case and archival fixture choices
ok 225 - Batch C entry is explicit and names both current-case and archival fixture choices
  ---
  duration_ms: 0.572542
  type: 'test'
  ...
# Subtest: Batch C routing is bounded to its five workspace steps and does not capture Scope or Clearance
ok 226 - Batch C routing is bounded to its five workspace steps and does not capture Scope or Clearance
  ---
  duration_ms: 0.066792
  type: 'test'
  ...
# Subtest: all fifteen scene IDs remain stable while Population and EDD become authored route scenes
ok 227 - all fifteen scene IDs remain stable while Population and EDD become authored route scenes
  ---
  duration_ms: 0.135667
  type: 'test'
  ...
# Subtest: operator rendering exposes real guarded actions and an explicit disabled disposition reason
ok 228 - operator rendering exposes real guarded actions and an explicit disabled disposition reason
  ---
  duration_ms: 48.94275
  type: 'test'
  ...
# Subtest: safe RM and client product projections never render restricted screening fields, including print
ok 229 - safe RM and client product projections never render restricted screening fields, including print
  ---
  duration_ms: 21.432166
  type: 'test'
  ...
# Subtest: selected Batch C scene print renders its complete decision set and scoped reference footnotes
ok 230 - selected Batch C scene print renders its complete decision set and scoped reference footnotes
  ---
  duration_ms: 22.630791
  type: 'test'
  ...
# Subtest: interactive scene keeps references on demand rather than forcing the full library below the graph
ok 231 - interactive scene keeps references on demand rather than forcing the full library below the graph
  ---
  duration_ms: 16.424875
  type: 'test'
  ...
# Subtest: Evidence makes the exact disabled resume guard visible
ok 232 - Evidence makes the exact disabled resume guard visible
  ---
  duration_ms: 14.568334
  type: 'test'
  ...
# Subtest: print projection includes compact identity artifact and use assessment identifiers
ok 233 - print projection includes compact identity artifact and use assessment identifiers
  ---
  duration_ms: 14.00575
  type: 'test'
  ...
# Subtest: selected synthetic result survives workspace rerender
ok 234 - selected synthetic result survives workspace rerender
  ---
  duration_ms: 3.336417
  type: 'test'
  ...
# Subtest: unknown EDD visibly retains an unresolved question and unassigned owner
ok 235 - unknown EDD visibly retains an unresolved question and unassigned owner
  ---
  duration_ms: 2.837542
  type: 'test'
  ...
# Subtest: identity request collaboration uses screening-safe copy and routes assessment back to Screening Evidence
ok 236 - identity request collaboration uses screening-safe copy and routes assessment back to Screening Evidence
  ---
  duration_ms: 0.499417
  type: 'test'
  ...
# Subtest: restricted legacy Activity uses a safe C projection rather than raw audit events
ok 237 - restricted legacy Activity uses a safe C projection rather than raw audit events
  ---
  duration_ms: 0.086667
  type: 'test'
  ...
# Subtest: authorized legacy Activity preserves A/B history and admits only projected C events
ok 238 - authorized legacy Activity preserves A/B history and admits only projected C events
  ---
  duration_ms: 0.320834
  type: 'test'
  ...
# Subtest: cross-workspace C collaboration routes are leave-guarded in the host
ok 239 - cross-workspace C collaboration routes are leave-guarded in the host
  ---
  duration_ms: 0.436458
  type: 'test'
  ...
# Subtest: D entry preserves A/B/C and requires scoped unresolved C context
ok 240 - D entry preserves A/B/C and requires scoped unresolved C context
  ---
  duration_ms: 21.652209
  type: 'test'
  ...
# Subtest: RT-D01/02/03: specialist preparation progresses with open screening and a potential conflict
ok 241 - RT-D01/02/03: specialist preparation progresses with open screening and a potential conflict
  ---
  duration_ms: 4.34125
  type: 'test'
  ...
# Subtest: RT-D04/05/06: Credit approval remains distinct from assessment and applicability
ok 242 - RT-D04/05/06: Credit approval remains distinct from assessment and applicability
  ---
  duration_ms: 4.179709
  type: 'test'
  ...
# Subtest: RT-D08/09/10/11: Legal execution and authority remain unmet despite internal approval
ok 243 - RT-D08/09/10/11: Legal execution and authority remain unmet despite internal approval
  ---
  duration_ms: 9.209875
  type: 'test'
  ...
# Subtest: D unconfigured roles fail closed and only facilitator has revision simulation permission
ok 244 - D unconfigured roles fail closed and only facilitator has revision simulation permission
  ---
  duration_ms: 8.845125
  type: 'test'
  ...
# Subtest: RT-D12: RM and client get safe progress without restricted conflict detail or audit text
ok 245 - RT-D12: RM and client get safe progress without restricted conflict detail or audit text
  ---
  duration_ms: 7.531375
  type: 'test'
  ...
# Subtest: RT-D13: readonly lenses share case, scope and condition revisions with mainline
ok 246 - RT-D13: readonly lenses share case, scope and condition revisions with mainline
  ---
  duration_ms: 10.286541
  type: 'test'
  ...
# Subtest: RT-D16/17: holds retain scope and unknown impact blocks only known affected work or remains unknown
ok 247 - RT-D16/17: holds retain scope and unknown impact blocks only known affected work or remains unknown
  ---
  duration_ms: 5.643
  type: 'test'
  ...
# Subtest: RT-D07/18: Credit revision makes existing legal dependency stale and retains immutable input chain
ok 248 - RT-D07/18: Credit revision makes existing legal dependency stale and retains immutable input chain
  ---
  duration_ms: 31.911459
  type: 'test'
  ...
# Subtest: D revision simulation rejects stale, missing and expanded commands without mutation
ok 249 - D revision simulation rejects stale, missing and expanded commands without mutation
  ---
  duration_ms: 20.192583
  type: 'test'
  ...
# Subtest: D dependencies use source-qualified aliases and scoped version-addressed objects
ok 250 - D dependencies use source-qualified aliases and scoped version-addressed objects
  ---
  duration_ms: 2.743167
  type: 'test'
  ...
# Subtest: D prerequisites fail closed for missing financial, party or agreement context
ok 251 - D prerequisites fail closed for missing financial, party or agreement context
  ---
  duration_ms: 15.01625
  type: 'test'
  ...
# Subtest: D version history exposes both revision-addressed chains and immutable consumer provenance
ok 252 - D version history exposes both revision-addressed chains and immutable consumer provenance
  ---
  duration_ms: 9.760625
  type: 'test'
  ...
# Subtest: D honors inherited case/scope hold targets and unknown object input
ok 253 - D honors inherited case/scope hold targets and unknown object input
  ---
  duration_ms: 4.076167
  type: 'test'
  ...
# Subtest: D contract generates complete aliases, independently stated oracle and candidate snapshots
ok 254 - D contract generates complete aliases, independently stated oracle and candidate snapshots
  ---
  duration_ms: 16.371459
  type: 'test'
  ...
# Subtest: D safe progress strips free-text hold, dependency and audit strings
ok 255 - D safe progress strips free-text hold, dependency and audit strings
  ---
  duration_ms: 6.813292
  type: 'test'
  ...
# Subtest: D review fix: unknown Legal dependency blocks affected preparation without stopping Credit
ok 256 - D review fix: unknown Legal dependency blocks affected preparation without stopping Credit
  ---
  duration_ms: 7.285458
  type: 'test'
  ...
# Subtest: D review fix: Legal requires nonempty current scoped product references
ok 257 - D review fix: Legal requires nonempty current scoped product references
  ---
  duration_ms: 4.299542
  type: 'test'
  ...
# Subtest: D review fix: incorporation validates current decision condition input and required terms
ok 258 - D review fix: incorporation validates current decision condition input and required terms
  ---
  duration_ms: 23.960417
  type: 'test'
  ...
# Subtest: Graph next/focus/play change presentation only and stop at final node
ok 259 - Graph next/focus/play change presentation only and stop at final node
  ---
  duration_ms: 1.970792
  type: 'test'
  ...
# Subtest: Print retains every version node despite focus; input projection cannot be written by renderer
ok 260 - Print retains every version node despite focus; input projection cannot be written by renderer
  ---
  duration_ms: 1.049667
  type: 'test'
  ...
# Subtest: Focused diagram still contains complete semantic fallback when image fails
ok 261 - Focused diagram still contains complete semantic fallback when image fails
  ---
  duration_ms: 0.556916
  type: 'test'
  ...
# Subtest: Version facts bind by stable record identity even when projection order changes
ok 262 - Version facts bind by stable record identity even when projection order changes
  ---
  duration_ms: 0.513625
  type: 'test'
  ...
# Subtest: All three rendered families retain literal mandatory route semantics
ok 263 - All three rendered families retain literal mandatory route semantics
  ---
  duration_ms: 0.369417
  type: 'test'
  ...
# Subtest: Chinese graph fallback and print localize complete without changing source IDs
ok 264 - Chinese graph fallback and print localize complete without changing source IDs
  ---
  duration_ms: 0.4035
  type: 'test'
  ...
# Subtest: Credit version node returns inherited NIST and counterparty-credit records without duplicating observations
ok 265 - Credit version node returns inherited NIST and counterparty-credit records without duplicating observations
  ---
  duration_ms: 0.486833
  type: 'test'
  ...
# Subtest: Parallel and hold nodes retain original process context and A-CDM as inspiration
ok 266 - Parallel and hold nodes retain original process context and A-CDM as inspiration
  ---
  duration_ms: 0.308209
  type: 'test'
  ...
# Subtest: Scoped-hold interpretation does not imply process-map or A-CDM policy provenance
ok 267 - Scoped-hold interpretation does not imply process-map or A-CDM policy provenance
  ---
  duration_ms: 0.137083
  type: 'test'
  ...
# Subtest: three specialist scenarios are promoted while the journey retains exactly 15 stable IDs
ok 268 - three specialist scenarios are promoted while the journey retains exactly 15 stable IDs
  ---
  duration_ms: 0.712834
  type: 'test'
  ...
# Subtest: D1 and D5 render all three specialist domains without inventing scenario IDs
ok 269 - D1 and D5 render all three specialist domains without inventing scenario IDs
  ---
  duration_ms: 5.919917
  type: 'test'
  ...
# Subtest: Condition Detail exposes the complete shared condition contract and dependency routes
ok 270 - Condition Detail exposes the complete shared condition contract and dependency routes
  ---
  duration_ms: 2.057875
  type: 'test'
  ...
# Subtest: Credit state distinguishes approved condition, incorporated entry input and stale changed input
ok 271 - Credit state distinguishes approved condition, incorporated entry input and stale changed input
  ---
  duration_ms: 3.306709
  type: 'test'
  ...
# Subtest: RM Condition Detail remains useful but never renders restricted conflict detail
ok 272 - RM Condition Detail remains useful but never renders restricted conflict detail
  ---
  duration_ms: 0.493917
  type: 'test'
  ...
# Subtest: zh-CN Condition Detail translates approved condition prose while retaining stable references
ok 273 - zh-CN Condition Detail translates approved condition prose while retaining stable references
  ---
  duration_ms: 0.63675
  type: 'test'
  ...
# Subtest: Dependency view uses graph fallback and provides an explicit return command
ok 274 - Dependency view uses graph fallback and provides an explicit return command
  ---
  duration_ms: 2.835
  type: 'test'
  ...
# Subtest: D session writer guard blocks every upstream writer family but not presentation or D commands
ok 275 - D session writer guard blocks every upstream writer family but not presentation or D commands
  ---
  duration_ms: 0.154
  type: 'test'
  ...
# Subtest: failed D load renders an accessible retry surface
ok 276 - failed D load renders an accessible retry surface
  ---
  duration_ms: 0.712333
  type: 'test'
  ...
# Subtest: zh-CN D1 and D5 translate approved summary and readiness prose in screen and print
ok 277 - zh-CN D1 and D5 translate approved summary and readiness prose in screen and print
  ---
  duration_ms: 1.973667
  type: 'test'
  ...
# Subtest: D3 pilot changes resolve to the existing Archify and semantic graph nodes
ok 278 - D3 pilot changes resolve to the existing Archify and semantic graph nodes
  ---
  duration_ms: 1.520708
  type: 'test'
  ...
# Subtest: pilot output keeps six or seven work titles visible and comparison opt-in
ok 279 - pilot output keeps six or seven work titles visible and comparison opt-in
  ---
  duration_ms: 1.097958
  type: 'test'
  ...
# Subtest: renderer escapes input context, localises prose and prints all trace details
ok 280 - renderer escapes input context, localises prose and prints all trace details
  ---
  duration_ms: 0.229458
  type: 'test'
  ...
# Subtest: comparison and disclosures survive locale, references and product return without mutating input
ok 281 - comparison and disclosures survive locale, references and product return without mutating input
  ---
  duration_ms: 1.454167
  type: 'test'
  ...
# Subtest: screening focus controls lead with real business names while retaining stable node selectors
ok 282 - screening focus controls lead with real business names while retaining stable node selectors
  ---
  duration_ms: 0.3775
  type: 'test'
  ...
# Subtest: canonical pilot aliases open registry records rather than an empty reference filter
ok 283 - canonical pilot aliases open registry records rather than an empty reference filter
  ---
  duration_ms: 0.401542
  type: 'test'
  ...
# Subtest: every mapped pilot reference opens its source even when the registry binds another scene
ok 284 - every mapped pilot reference opens its source even when the registry binds another scene
  ---
  duration_ms: 1.9795
  type: 'test'
  ...
# Subtest: condition and denied client views keep business explanations ahead of diagnostic identifiers
ok 285 - condition and denied client views keep business explanations ahead of diagnostic identifiers
  ---
  duration_ms: 0.633083
  type: 'test'
  ...
# Subtest: nested provenance disclosure remains open on locale rerender
ok 286 - nested provenance disclosure remains open on locale rerender
  ---
  duration_ms: 0.141083
  type: 'test'
  ...
# Subtest: all 94 stable change IDs resolve every one of the 144 source-qualified occurrences
ok 287 - all 94 stable change IDs resolve every one of the 144 source-qualified occurrences
  ---
  duration_ms: 1.034292
  type: 'test'
  ...
# Subtest: the two Target M0.1 source occurrences retain separate locators and meanings
ok 288 - the two Target M0.1 source occurrences retain separate locators and meanings
  ---
  duration_ms: 0.662458
  type: 'test'
  ...
# Subtest: only the GAP and MATCH pilots project to UI, with six and seven work changes
ok 289 - only the GAP and MATCH pilots project to UI, with six and seven work changes
  ---
  duration_ms: 0.219333
  type: 'test'
  ...
# Subtest: English pilot projections contain no Chinese prose
ok 290 - English pilot projections contain no Chinese prose
  ---
  duration_ms: 0.506625
  type: 'test'
  ...
# Subtest: Chinese pilot prose preserves every supplied context and all 13 change statements
ok 291 - Chinese pilot prose preserves every supplied context and all 13 change statements
  ---
  duration_ms: 0.367542
  type: 'test'
  ...
# Subtest: reference aliases reuse exact registry identities and keep missing mappings explicit
ok 292 - reference aliases reuse exact registry identities and keep missing mappings explicit
  ---
  duration_ms: 1.255375
  type: 'test'
  ...
# Subtest: public reference projections exclude internal paths and expose inherited status only
ok 293 - public reference projections exclude internal paths and expose inherited status only
  ---
  duration_ms: 0.313416
  type: 'test'
  ...
# Subtest: source work, target proposal and reference observation remain separate projections
ok 294 - source work, target proposal and reference observation remain separate projections
  ---
  duration_ms: 0.051958
  type: 'test'
  ...
# Subtest: loading and reading D3 metadata never changes the synthetic business fixture
ok 295 - loading and reading D3 metadata never changes the synthetic business fixture
  ---
  duration_ms: 1.791709
  type: 'test'
  ...
# Subtest: the generated adapter preserves issues and the full closure manifest
ok 296 - the generated adapter preserves issues and the full closure manifest
  ---
  duration_ms: 0.296292
  type: 'test'
  ...
# Subtest: builder rejects a malformed source reference instead of dropping traceability
ok 297 - builder rejects a malformed source reference instead of dropping traceability
  ---
  duration_ms: 7.892708
  type: 'test'
  ...
# Subtest: builder rejects incomplete or inconsistent source locator fields
ok 298 - builder rejects incomplete or inconsistent source locator fields
  ---
  duration_ms: 3.424
  type: 'test'
  ...
# Subtest: builder rejects duplicate physical locator tuples even when source IDs differ
ok 299 - builder rejects duplicate physical locator tuples even when source IDs differ
  ---
  duration_ms: 0.462333
  type: 'test'
  ...
1..299
# tests 299
# suites 0
# pass 299
# fail 0
# cancelled 0
# skipped 0
# todo 0
# duration_ms 843.163917
